[2024-02-18T17:48:00.156+0000][gc,heap] Heap region size: 1M
[2024-02-18T17:48:00.201+0000][gc     ] Using G1
[2024-02-18T17:48:00.201+0000][gc,heap,coops] Heap address: 0x00000000c0000000, size: 1024 MB, Compressed Oops mode: 32-bit
[2024-02-18T17:48:00.202+0000][gc,cds       ] Mark closed archive regions in map: [0x00000000fff00000, 0x00000000fff6bff8]
[2024-02-18T17:48:00.202+0000][gc,cds       ] Mark open archive regions in map: [0x00000000ffe00000, 0x00000000ffe47ff8]
[2024-02-18T17:48:01.775+0000][gc,start     ] GC(0) Pause Young (Normal) (G1 Evacuation Pause)
[2024-02-18T17:48:01.775+0000][gc,task      ] GC(0) Using 2 workers of 2 for evacuation
[2024-02-18T17:48:01.785+0000][gc,phases    ] GC(0)   Pre Evacuate Collection Set: 0.0ms
[2024-02-18T17:48:01.785+0000][gc,phases    ] GC(0)   Evacuate Collection Set: 10.2ms
[2024-02-18T17:48:01.786+0000][gc,phases    ] GC(0)   Post Evacuate Collection Set: 0.3ms
[2024-02-18T17:48:01.786+0000][gc,phases    ] GC(0)   Other: 0.4ms
[2024-02-18T17:48:01.786+0000][gc,heap      ] GC(0) Eden regions: 51->0(44)
[2024-02-18T17:48:01.786+0000][gc,heap      ] GC(0) Survivor regions: 0->7(7)
[2024-02-18T17:48:01.786+0000][gc,heap      ] GC(0) Old regions: 2->2
[2024-02-18T17:48:01.786+0000][gc,heap      ] GC(0) Humongous regions: 0->0
[2024-02-18T17:48:01.786+0000][gc,metaspace ] GC(0) Metaspace: 16637K(17280K)->16637K(17280K) NonClass: 14436K(14848K)->14436K(14848K) Class: 2201K(2432K)->2201K(2432K)
[2024-02-18T17:48:01.786+0000][gc           ] GC(0) Pause Young (Normal) (G1 Evacuation Pause) 51M->6M(1024M) 11.182ms
[2024-02-18T17:48:01.786+0000][gc,cpu       ] GC(0) User=0.02s Sys=0.00s Real=0.01s
[2024-02-18T17:48:02.258+0000][gc,start     ] GC(1) Pause Young (Concurrent Start) (Metadata GC Threshold)
[2024-02-18T17:48:02.258+0000][gc,task      ] GC(1) Using 2 workers of 2 for evacuation
[2024-02-18T17:48:02.270+0000][gc,phases    ] GC(1)   Pre Evacuate Collection Set: 0.1ms
[2024-02-18T17:48:02.270+0000][gc,phases    ] GC(1)   Evacuate Collection Set: 11.5ms
[2024-02-18T17:48:02.270+0000][gc,phases    ] GC(1)   Post Evacuate Collection Set: 0.3ms
[2024-02-18T17:48:02.270+0000][gc,phases    ] GC(1)   Other: 0.2ms
[2024-02-18T17:48:02.270+0000][gc,heap      ] GC(1) Eden regions: 17->0(50)
[2024-02-18T17:48:02.270+0000][gc,heap      ] GC(1) Survivor regions: 7->1(7)
[2024-02-18T17:48:02.270+0000][gc,heap      ] GC(1) Old regions: 2->9
[2024-02-18T17:48:02.270+0000][gc,heap      ] GC(1) Humongous regions: 0->0
[2024-02-18T17:48:02.270+0000][gc,metaspace ] GC(1) Metaspace: 20561K(21248K)->20561K(21248K) NonClass: 17758K(18176K)->17758K(18176K) Class: 2802K(3072K)->2802K(3072K)
[2024-02-18T17:48:02.270+0000][gc           ] GC(1) Pause Young (Concurrent Start) (Metadata GC Threshold) 23M->7M(1024M) 12.174ms
[2024-02-18T17:48:02.270+0000][gc,cpu       ] GC(1) User=0.01s Sys=0.01s Real=0.01s
[2024-02-18T17:48:02.271+0000][gc           ] GC(2) Concurrent Cycle
[2024-02-18T17:48:02.271+0000][gc,marking   ] GC(2) Concurrent Clear Claimed Marks
[2024-02-18T17:48:02.271+0000][gc,marking   ] GC(2) Concurrent Clear Claimed Marks 0.076ms
[2024-02-18T17:48:02.271+0000][gc,marking   ] GC(2) Concurrent Scan Root Regions
[2024-02-18T17:48:02.272+0000][gc,marking   ] GC(2) Concurrent Scan Root Regions 1.260ms
[2024-02-18T17:48:02.272+0000][gc,marking   ] GC(2) Concurrent Mark (2.121s)
[2024-02-18T17:48:02.272+0000][gc,marking   ] GC(2) Concurrent Mark From Roots
[2024-02-18T17:48:02.272+0000][gc,task      ] GC(2) Using 1 workers of 1 for marking
[2024-02-18T17:48:02.287+0000][gc,marking   ] GC(2) Concurrent Mark From Roots 15.027ms
[2024-02-18T17:48:02.287+0000][gc,marking   ] GC(2) Concurrent Preclean
[2024-02-18T17:48:02.288+0000][gc,marking   ] GC(2) Concurrent Preclean 0.271ms
[2024-02-18T17:48:02.288+0000][gc,marking   ] GC(2) Concurrent Mark (2.121s, 2.136s) 15.546ms
[2024-02-18T17:48:02.289+0000][gc,start     ] GC(2) Pause Remark
[2024-02-18T17:48:02.293+0000][gc,stringtable] GC(2) Cleaned string and symbol table, strings: 5532 processed, 0 removed, symbols: 50567 processed, 50 removed
[2024-02-18T17:48:02.293+0000][gc            ] GC(2) Pause Remark 8M->8M(1024M) 3.494ms
[2024-02-18T17:48:02.293+0000][gc,cpu        ] GC(2) User=0.01s Sys=0.00s Real=0.00s
[2024-02-18T17:48:02.293+0000][gc,marking    ] GC(2) Concurrent Rebuild Remembered Sets
[2024-02-18T17:48:02.301+0000][gc,marking    ] GC(2) Concurrent Rebuild Remembered Sets 8.227ms
[2024-02-18T17:48:02.301+0000][gc,start      ] GC(2) Pause Cleanup
[2024-02-18T17:48:02.302+0000][gc            ] GC(2) Pause Cleanup 9M->9M(1024M) 0.216ms
[2024-02-18T17:48:02.302+0000][gc,cpu        ] GC(2) User=0.00s Sys=0.00s Real=0.00s
[2024-02-18T17:48:02.302+0000][gc,marking    ] GC(2) Concurrent Cleanup for Next Mark
[2024-02-18T17:48:02.306+0000][gc,marking    ] GC(2) Concurrent Cleanup for Next Mark 4.475ms
[2024-02-18T17:48:02.307+0000][gc            ] GC(2) Concurrent Cycle 36.142ms
[2024-02-18T17:48:03.271+0000][gc,start      ] GC(3) Pause Young (Normal) (G1 Evacuation Pause)
[2024-02-18T17:48:03.271+0000][gc,task       ] GC(3) Using 2 workers of 2 for evacuation
[2024-02-18T17:48:03.280+0000][gc,phases     ] GC(3)   Pre Evacuate Collection Set: 0.0ms
[2024-02-18T17:48:03.280+0000][gc,phases     ] GC(3)   Evacuate Collection Set: 7.7ms
[2024-02-18T17:48:03.280+0000][gc,phases     ] GC(3)   Post Evacuate Collection Set: 0.2ms
[2024-02-18T17:48:03.280+0000][gc,phases     ] GC(3)   Other: 0.3ms
[2024-02-18T17:48:03.280+0000][gc,heap       ] GC(3) Eden regions: 50->0(46)
[2024-02-18T17:48:03.280+0000][gc,heap       ] GC(3) Survivor regions: 1->5(7)
[2024-02-18T17:48:03.280+0000][gc,heap       ] GC(3) Old regions: 9->9
[2024-02-18T17:48:03.280+0000][gc,heap       ] GC(3) Humongous regions: 129->129
[2024-02-18T17:48:03.280+0000][gc,metaspace  ] GC(3) Metaspace: 30441K(31612K)->30441K(31612K) NonClass: 26671K(27392K)->26671K(27392K) Class: 3769K(4220K)->3769K(4220K)
[2024-02-18T17:48:03.280+0000][gc            ] GC(3) Pause Young (Normal) (G1 Evacuation Pause) 186M->140M(1024M) 8.357ms
[2024-02-18T17:48:03.280+0000][gc,cpu        ] GC(3) User=0.02s Sys=0.00s Real=0.01s
[2024-02-18T17:48:28.959+0000][gc,start      ] GC(4) Pause Young (Concurrent Start) (Metadata GC Threshold)
[2024-02-18T17:48:28.959+0000][gc,task       ] GC(4) Using 2 workers of 2 for evacuation
[2024-02-18T17:48:28.974+0000][gc,phases     ] GC(4)   Pre Evacuate Collection Set: 0.1ms
[2024-02-18T17:48:28.974+0000][gc,phases     ] GC(4)   Evacuate Collection Set: 14.5ms
[2024-02-18T17:48:28.974+0000][gc,phases     ] GC(4)   Post Evacuate Collection Set: 0.3ms
[2024-02-18T17:48:28.975+0000][gc,phases     ] GC(4)   Other: 0.2ms
[2024-02-18T17:48:28.975+0000][gc,heap       ] GC(4) Eden regions: 20->0(49)
[2024-02-18T17:48:28.975+0000][gc,heap       ] GC(4) Survivor regions: 5->2(7)
[2024-02-18T17:48:28.975+0000][gc,heap       ] GC(4) Old regions: 9->14
[2024-02-18T17:48:28.975+0000][gc,heap       ] GC(4) Humongous regions: 129->129
[2024-02-18T17:48:28.975+0000][gc,metaspace  ] GC(4) Metaspace: 34483K(36048K)->34483K(36048K) NonClass: 30101K(30932K)->30101K(30932K) Class: 4381K(5116K)->4381K(5116K)
[2024-02-18T17:48:28.975+0000][gc            ] GC(4) Pause Young (Concurrent Start) (Metadata GC Threshold) 160M->142M(1024M) 15.300ms
[2024-02-18T17:48:28.975+0000][gc,cpu        ] GC(4) User=0.01s Sys=0.02s Real=0.02s
[2024-02-18T17:48:28.975+0000][gc            ] GC(5) Concurrent Cycle
[2024-02-18T17:48:28.975+0000][gc,marking    ] GC(5) Concurrent Clear Claimed Marks
[2024-02-18T17:48:28.975+0000][gc,marking    ] GC(5) Concurrent Clear Claimed Marks 0.073ms
[2024-02-18T17:48:28.975+0000][gc,marking    ] GC(5) Concurrent Scan Root Regions
[2024-02-18T17:48:28.976+0000][gc,marking    ] GC(5) Concurrent Scan Root Regions 1.064ms
[2024-02-18T17:48:28.976+0000][gc,marking    ] GC(5) Concurrent Mark (28.824s)
[2024-02-18T17:48:28.976+0000][gc,marking    ] GC(5) Concurrent Mark From Roots
[2024-02-18T17:48:28.976+0000][gc,task       ] GC(5) Using 1 workers of 1 for marking
[2024-02-18T17:48:29.002+0000][gc,marking    ] GC(5) Concurrent Mark From Roots 25.584ms
[2024-02-18T17:48:29.002+0000][gc,marking    ] GC(5) Concurrent Preclean
[2024-02-18T17:48:29.002+0000][gc,marking    ] GC(5) Concurrent Preclean 0.108ms
[2024-02-18T17:48:29.002+0000][gc,marking    ] GC(5) Concurrent Mark (28.824s, 28.850s) 25.797ms
[2024-02-18T17:48:29.002+0000][gc,start      ] GC(5) Pause Remark
[2024-02-18T17:48:29.006+0000][gc,stringtable] GC(5) Cleaned string and symbol table, strings: 10186 processed, 10 removed, symbols: 80554 processed, 23 removed
[2024-02-18T17:48:29.006+0000][gc            ] GC(5) Pause Remark 143M->143M(1024M) 3.869ms
[2024-02-18T17:48:29.006+0000][gc,cpu        ] GC(5) User=0.00s Sys=0.00s Real=0.00s
[2024-02-18T17:48:29.006+0000][gc,marking    ] GC(5) Concurrent Rebuild Remembered Sets
[2024-02-18T17:48:29.021+0000][gc,marking    ] GC(5) Concurrent Rebuild Remembered Sets 15.283ms
[2024-02-18T17:48:29.022+0000][gc,start      ] GC(5) Pause Cleanup
[2024-02-18T17:48:29.022+0000][gc            ] GC(5) Pause Cleanup 143M->143M(1024M) 0.123ms
[2024-02-18T17:48:29.022+0000][gc,cpu        ] GC(5) User=0.00s Sys=0.00s Real=0.00s
[2024-02-18T17:48:29.022+0000][gc,marking    ] GC(5) Concurrent Cleanup for Next Mark
[2024-02-18T17:48:29.036+0000][gc,marking    ] GC(5) Concurrent Cleanup for Next Mark 13.877ms
[2024-02-18T17:48:29.036+0000][gc            ] GC(5) Concurrent Cycle 61.211ms
[2024-02-18T18:00:26.911+0000][gc,start      ] GC(6) Pause Young (Normal) (G1 Evacuation Pause)
[2024-02-18T18:00:26.911+0000][gc,task       ] GC(6) Using 2 workers of 2 for evacuation
[2024-02-18T18:00:26.934+0000][gc,mmu        ] GC(6) MMU target violated: 21.0ms (20.0ms/21.0ms)
[2024-02-18T18:00:26.935+0000][gc,phases     ] GC(6)   Pre Evacuate Collection Set: 0.0ms
[2024-02-18T18:00:26.935+0000][gc,phases     ] GC(6)   Evacuate Collection Set: 23.1ms
[2024-02-18T18:00:26.935+0000][gc,phases     ] GC(6)   Post Evacuate Collection Set: 0.3ms
[2024-02-18T18:00:26.935+0000][gc,phases     ] GC(6)   Other: 0.5ms
[2024-02-18T18:00:26.935+0000][gc,heap       ] GC(6) Eden regions: 49->0(47)
[2024-02-18T18:00:26.935+0000][gc,heap       ] GC(6) Survivor regions: 2->4(7)
[2024-02-18T18:00:26.935+0000][gc,heap       ] GC(6) Old regions: 14->14
[2024-02-18T18:00:26.935+0000][gc,heap       ] GC(6) Humongous regions: 129->129
[2024-02-18T18:00:26.935+0000][gc,metaspace  ] GC(6) Metaspace: 38553K(40528K)->38553K(40528K) NonClass: 33687K(34772K)->33687K(34772K) Class: 4866K(5756K)->4866K(5756K)
[2024-02-18T18:00:26.935+0000][gc            ] GC(6) Pause Young (Normal) (G1 Evacuation Pause) 191M->144M(1024M) 24.761ms
[2024-02-18T18:00:26.936+0000][gc,cpu        ] GC(6) User=0.02s Sys=0.00s Real=0.03s
[2024-02-18T18:04:02.405+0000][gc,heap,exit  ] Heap
[2024-02-18T18:04:02.405+0000][gc,heap,exit  ]  garbage-first heap   total 1048576K, used 185361K [0x00000000c0000000, 0x0000000100000000)
[2024-02-18T18:04:02.405+0000][gc,heap,exit  ]   region size 1024K, 43 young (44032K), 4 survivors (4096K)
[2024-02-18T18:04:02.405+0000][gc,heap,exit  ]  Metaspace       used 40826K, capacity 42924K, committed 43088K, reserved 1085440K
[2024-02-18T18:04:02.405+0000][gc,heap,exit  ]   class space    used 5237K, capacity 6244K, committed 6268K, reserved 1048576K
